../Core/Src/main.c:105:7:HAL_GPIO_EXTI_Callback	16	static
../Core/Src/main.c:113:7:HAL_TIM_PeriodElapsedCallback	16	static
../Core/Src/main.c:137:5:main	32	static
../Core/Src/main.c:268:6:SystemClock_Config	88	static
../Core/Src/main.c:315:13:MX_ADC1_Init	24	static
../Core/Src/main.c:367:13:MX_I2C1_Init	8	static
../Core/Src/main.c:401:13:MX_TIM2_Init	32	static
../Core/Src/main.c:446:13:MX_GPIO_Init	40	static
../Core/Src/main.c:503:6:debouncer	24	static
../Core/Src/main.c:530:7:encenderled	24	static
../Core/Src/main.c:551:6:Error_Handler	4	static,ignoring_inline_asm
